Operator needs two arguments, but was called with 1