( Keyword:Del Symbol:a )
( Keyword:Del Symbol:b )
( Keyword:Del Symbol:c )
( Keyword:Del Symbol:d )
