TypeError: `a' is a Number, not a closure, can not get the field `c' from it
