Function type expected 1 argument but got 0
  -> value (any) was not provided
