(while true
  # cond
  1) # body

(while true {}) # no body
# infinite loop
