In file tests/unittests/resources/ParserSuite/failure/incomplete_macro_arguments.ark
At EOF @ 1:9
    1 | ($ foo (a
      |         ^
        Expected ')'