In file tests/unittests/resources/ParserSuite/failure/incomplete_import_2.ark
At ' ' @ 1:11
    1 | (import a. )
      |           ^
        Package name expected after '.'