In file tests/unittests/resources/ParserSuite/failure/incomplete_macro_spread.ark
At ) @ 1:16
    1 | ($ foo (bar ...) (bar))
      |                ^
        Expected a name for the variadic arguments list