At last @ 1:0
        Max macro processing depth reached (256). You may have a macro trying to evaluate itself, try splitting your code in multiple nodes.
