At / @ 1:0
        Max recursion depth reached (256). You most likely have a badly defined recursive macro calling itself without a proper exit condition
