ArityError: Function at page 1 needs 3 arguments, but it received 4
