ArityError: Function 'foo' needs 2 arguments, but it received 1