At (mut c 1) @ 1:11
    1 | [(mut c 1)]
      | ^~~~~~~~~~~
    2 |
        Invalid node inside call to list
