At (list) @ 1:17
    1 | ($ a ($symcat b []))
      | ^~~~~~~~~~~~~~~~~~~~
    2 | (print a)
    3 |
        When expanding `$symcat', expected either a Number, String or Symbol, got a List
