At + @ 1:4
    1 | ((+))
      |    ^
    2 |
        Operator needs two arguments, but was called with 0
