At != @ 1:0
        Operator needs two arguments, but was called with 1
