At d @ 2:12
    1 | (mut d [4 5 6])
    2 | (append! d d)
      |            ^
    3 |
        MutabilityError: Can not append! the list `d' to itself
