In file ./incomplete_arguments.ark
At EOF @ 1:7
    1 | (fun (a
      |       ^
        Expected ')'