In file ./incomplete_if.ark
At EOF @ 2:1
    1 | (if 1 2 3
    2 | 
      | ^
        Missing ')' after condition