In file ./incomplete_del.ark
At ) @ 1:5
    1 | (del)
      | ^~~~~
        del needs a symbol