At print @ 1:0
    1 | (mut print 5)
      | ^~~~~
    2 |
        Can not use a reserved identifier ('print') as a variable name.
