In file a.ark
At � @ 2:1
    1 | �
    2 |
      | ^
        invalid syntax, expected node