At \ @ 1:9
    1 | (print "\0")
      |         ^
    2 |
        Unknown escape sequence
