At (+ (begin) 1) @ 1:2
    1 | (+ {} 1)
      | ^~~~~~~~
    2 |
        Invalid node inside call to operator `+'
