MutabilityError: Can not modify a constant list using `append!'
