list:slice: start index -1 can not be less than 0
