MutabilityError: Can not concat! a list to itself
